Compilation Failure:

code doesn't compile yet. patches to be created 
